1;100_años_de_soledad.txt
2;Alas-de-sangre-Rebecca-Yarros.txt
3;alas_de_sangre_rebecca_yarros.txt
4;AliciaEnElPaisDeLasMaravillas.txt
5;asi_hablo_zaratustra_nietzsche.txt
6;Atacama-Database.txt
7;atacama_database.txt
8;autoestima.txt
9;BajoLaMismaEstrella.txt
10;Big_Brother.txt
11;Breve_historia_del_tiempo_cap_1.txt
12;Brilla.txt
13;Burden.txt
14;Charlie_y_la_frabrica_de_chocolate.txt
15;CHUPAELPERRO.txt
16;CincuentasombrasLiberadas.txt
17;CincuentaSombrasMasOscuras.txt
18;Como_Hacer_Que_Te_Pasen_Cosas_Buenas.txt
19;coraline.txt
20;Cosmos.txt
21;Crimen_y_castigo.txt
22;cthulhu.txt
23;Divina_comedia.txt
24;Dracula.txt
25;Edipo_Rey.txt
26;El-jardinero-y-la-muerte.txt
27;el-pianista-de-gueto-de-varsovia.txt
28;El-Principito.txt
29;El-Quijote.txt
30;El-Sabueso-de-los-Baskerville.txt
31;El_Anticristo.txt
32;El_cuervo.txt
33;El_diario_de_ana_frank.txt
34;El_exorcista.txt
35;el_fantasma_de_canterville.txt
36;el_gran_gatsby.txt
37;el_Grinch.txt
38;El_Hobbit.txt
39;el_jardinero_y_la_muerte.txt
40;El_libro_de_la_selva.txt
41;el_mago_de_oz.txt
42;El_nino_con_el_pijama_de_rayas.txt
43;el_pianista_de_gueto_de_varsovia.txt
44;el_principito.txt
45;El_príncipe_y_el_mendigo.txt
46;el_quijote.txt
47;El_Retrato_de_Dorian_Gray.txt
48;el_sabueso_de_los_baskerville.txt
49;El_Senor_de_los_Anillos_3.txt
50;El_señor_de_los_anillos_2.txt
51;El_verano_de_cervantes.txt
52;el_viejo.txt
53;Emilia-y-la-dama-negra.txt
54;emilia_y_la_dama_negra.txt
55;Ese-imbecil-va-a-escribir-una-novela.txt
56;ese_imbecil_va_a_escribir_una_novela.txt
57;Fahrenheit-451.txt
58;fahrenheit_451.txt
59;Geralt-de-Rivia-I-El-último-deseo.txt
60;geralt_de_rivia_i_el_último_deseo.txt
61;Grey.txt
62;HABITOS-ATOMICOS.txt
63;habitos_atomicos.txt
64;Hamlet.txt
65;Hansel_y_Gretel.txt
66;Heidi.txt
67;Historia-de-una-gaviota-y-del-gato-que-le-enseno-a-volar.txt
68;historia_de_una_gaviota_y_del_gato_que_le_enseno_a_volar.txt
69;ILIADA.txt
70;It.txt
71;Juan_Salvador_Gaviota.txt
72;La-Caperucita-Roja.txt
73;La-vegetariana-Han-Kang.txt
74;Las-Cronicas-de-Narnia-El-Leon-La-Bruja-y-El-Ropero.txt
75;Las_Aventuras_de_Tom_Sawyer.txt
76;las_cronicas_de_narnia_el_leon_la_bruja_y_el_ropero.txt
77;la_caperucita_roja.txt
78;La_Comunidad_del_anillo_I.txt
79;La_Guerra_de_los_Mundos.txt
80;La_isla_del_tesoro.txt
81;La_metamorfosis.txt
82;La_naranja_mecanica.txt
83;la_vegetariana_han_kang.txt
84;Los-escarabajos-vuelan-al-atardecerD.txt
85;los_escarabajos_vuelan_al_atardecerd.txt
86;Los_Tres_Mosqueteros.txt
87;Manifiesto_del_Partido_Comunista.txt
88;MaoMao1.txt
89;MaoMao10.txt
90;MaoMao11.txt
91;MaoMao2.txt
92;MaoMao3.txt
93;MaoMao4.txt
94;MaoMao5.txt
95;MaoMao6.txt
96;MaoMao7.txt
97;MaoMao8.txt
98;MaoMao9.txt
99;mao_mao_1.txt
100;mao_mao_10.txt
101;mao_mao_11.txt
102;mao_mao_2.txt
103;mao_mao_3.txt
104;mao_mao_4.txt
105;mao_mao_5.txt
106;mao_mao_6.txt
107;mao_mao_7.txt
108;mao_mao_8.txt
109;mao_mao_9.txt
110;Matilda.txt
111;Maze-Runner_correr-o-morir.txt
112;maze_runner_correr_o_morir.txt
113;Mi-nombre-es-Emilia-del-Valle.txt
114;MiLucha.txt
115;Misterio_en_el_Barrio_Gotico.txt
116;mi_lucha.txt
117;mi_nombre_es_emilia_del_valle.txt
118;Moby_Dick.txt
119;papelucho-y-el-marciano.txt
120;papelucho_y_el_marciano.txt
121;Peter_Pan.txt
122;Preguntale-a-Alicia.txt
123;preguntale_a_alicia.txt
124;Rebeldes.txt
125;Rebelión_en_la_Granja.txt
126;resplandor.txt
127;Rikkitikkitavi.txt
128;Robinson_Crusoe.txt
129;Romeo_y_Julieta.txt
130;sapo-y-sepo-son-amigos.txt
131;sapo_y_sepo_son_amigos.txt
132;Shrek.txt
133;SilentHill2.txt
134;silenthill_2.txt
135;somos-polvos-de-estrellas.txt
136;somos_polvos_de_estrellas.txt
137;Soy_Leyenda.txt
138;TuPodis.txt
139;tu_podis.txt
140;Veinte_mil_leguas_de_viaje_submarino.txt
141;Viaje_al_Centro_de_la_Tierra.txt
142;Vuelta_al_Mundo_en_80_Dias.txt
143;Winny_de_Puh.txt
