1;100_años_de_soledad.txt
2;1984.txt
3;alas_de_sangre_rebecca_yarros.txt
4;alicia_en_el_pais_de_las_maravillas.txt
5;asi_hablo_zaratustra_nietzsche.txt
6;atacama_database.txt
7;autoestima.txt
8;bajo_la_misma_estrella.txt
9;Breve_historia_del_tiempo_cap_1.txt
10;Brilla.txt
11;Burden.txt
12;Charlie_y_la_frabrica_de_chocolate.txt
13;CHUPAELPERRO.txt
14;cincuenta_sombras_de_grey.txt
15;cincuenta_sombras_liberadas.txt
16;cincuenta_sombras_mas_oscuras.txt
17;Como_Hacer_Que_Te_Pasen_Cosas_Buenas.txt
18;coraline.txt
19;Cosmos.txt
20;Crimen_y_castigo.txt
21;cthulhu.txt
22;Divina_comedia.txt
23;Dracula.txt
24;Edipo_Rey.txt
25;El-jardinero-y-la-muerte.txt
26;el-pianista-de-gueto-de-varsovia.txt
27;El-Principito.txt
28;El-Quijote.txt
29;El_Anticristo.txt
30;El_cuervo.txt
31;El_diario_de_ana_frank.txt
32;El_exorcista.txt
33;el_fantasma_de_canterville.txt
34;el_gran_gatsby.txt
35;el_Grinch.txt
36;El_Hobbit.txt
37;el_jardinero_y_la_muerte.txt
38;El_libro_de_la_selva.txt
39;el_mago_de_oz.txt
40;El_nino_con_el_pijama_de_rayas.txt
41;el_pianista_de_gueto_de_varsovia.txt
42;el_principito.txt
43;El_príncipe_y_el_mendigo.txt
44;el_quijote.txt
45;El_Retrato_de_Dorian_Gray.txt
46;el_sabueso_de_los_baskerville.txt
47;El_Senor_de_los_Anillos_3.txt
48;El_señor_de_los_anillos_2.txt
49;El_verano_de_cervantes.txt
50;el_viejo.txt
51;emilia_y_la_dama_negra.txt
52;ese_imbecil_va_a_escribir_una_novela.txt
53;fahrenheit_451.txt
54;geralt_de_rivia_i_el_último_deseo.txt
55;habitos_atomicos.txt
56;Hamlet.txt
57;Hansel_y_Gretel.txt
58;Heidi.txt
59;historia_de_una_gaviota_y_del_gato_que_le_enseno_a_volar.txt
60;ILIADA.txt
61;It.txt
62;Juan_Salvador_Gaviota.txt
63;Las_Aventuras_de_Tom_Sawyer.txt
64;las_cronicas_de_narnia_el_leon_la_bruja_y_el_ropero.txt
65;la_caperucita_roja.txt
66;la_comunidad_del_anillo.txt
67;La_Guerra_de_los_Mundos.txt
68;La_isla_del_tesoro.txt
69;La_metamorfosis.txt
70;La_naranja_mecanica.txt
71;la_vegetariana_han_kang.txt
72;los_escarabajos_vuelan_al_atardecer.txt
73;Los_Tres_Mosqueteros.txt
74;Manifiesto_del_Partido_Comunista.txt
75;mao_mao_1.txt
76;mao_mao_10.txt
77;mao_mao_11.txt
78;mao_mao_2.txt
79;mao_mao_3.txt
80;mao_mao_4.txt
81;mao_mao_5.txt
82;mao_mao_6.txt
83;mao_mao_7.txt
84;mao_mao_8.txt
85;mao_mao_9.txt
86;Matilda.txt
87;maze_runner_correr_o_morir.txt
88;Misterio_en_el_Barrio_Gotico.txt
89;mi_lucha.txt
90;mi_nombre_es_emilia_del_valle.txt
91;Moby_Dick.txt
92;papelucho_y_el_marciano.txt
93;Peter_Pan.txt
94;preguntale_a_alicia.txt
95;Rebeldes.txt
96;Rebelión_en_la_Granja.txt
97;resplandor.txt
98;Rikkitikkitavi.txt
99;Robinson_Crusoe.txt
100;Romeo_y_Julieta.txt
101;sapo_y_sepo_son_amigos.txt
102;Shrek.txt
103;silenthill_2.txt
104;somos_polvos_de_estrellas.txt
105;Soy_Leyenda.txt
106;tu_podis.txt
107;Veinte_mil_leguas_de_viaje_submarino.txt
108;Viaje_al_Centro_de_la_Tierra.txt
109;Vuelta_al_Mundo_en_80_Dias.txt
110;Winny_de_Puh.txt
